PS C:\Users\Girish Khule> git --version
git version 2.39.0.windows.2
PS C:\Users\Girish Khule> cd
PS C:\Users\Girish Khule> cd desktop
cd : Cannot find path 'C:\Users\Girish Khule\desktop' because it does not exist.
At line:1 char:1
+ cd desktop
+ ~~~~~~~~~~
    + CategoryInfo          : ObjectNotFound: (C:\Users\Girish Khule\desktop:String) [Set-Location], ItemNotFoundExcep
   tion
    + FullyQualifiedErrorId : PathNotFound,Microsoft.PowerShell.Commands.SetLocationCommand

PS C:\Users\Girish Khule> cd Desktop
cd : Cannot find path 'C:\Users\Girish Khule\Desktop' because it does not exist.
At line:1 char:1
+ cd Desktop
+ ~~~~~~~~~~
    + CategoryInfo          : ObjectNotFound: (C:\Users\Girish Khule\Desktop:String) [Set-Location], ItemNotFoundExcep
   tion
    + FullyQualifiedErrorId : PathNotFound,Microsoft.PowerShell.Commands.SetLocationCommand

PS C:\Users\Girish Khule> cd G:\Desktop
PS G:\Desktop> MLOps
MLOps : The term 'MLOps' is not recognized as the name of a cmdlet, function, script file, or operable program. Check
the spelling of the name, or if a path was included, verify that the path is correct and try again.
At line:1 char:1
+ MLOps
+ ~~~~~
    + CategoryInfo          : ObjectNotFound: (MLOps:String) [], CommandNotFoundException
    + FullyQualifiedErrorId : CommandNotFoundException

PS G:\Desktop> cd MLOps
PS G:\Desktop\MLOps> get init -b main
get : The term 'get' is not recognized as the name of a cmdlet, function, script file, or operable program. Check the
spelling of the name, or if a path was included, verify that the path is correct and try again.
At line:1 char:1
+ get init -b main
+ ~~~
    + CategoryInfo          : ObjectNotFound: (get:String) [], CommandNotFoundException
    + FullyQualifiedErrorId : CommandNotFoundException

PS G:\Desktop\MLOps> git init -b main
Initialized empty Git repository in G:/Desktop/MLOps/.git/
PS G:\Desktop\MLOps> git add README.md && git commit -m "added readme" README.md
At line:1 char:19
+ git add README.md && git commit -m "added readme" README.md
+                   ~~
The token '&&' is not a valid statement separator in this version.
    + CategoryInfo          : ParserError: (:) [], ParentContainsErrorRecordException
    + FullyQualifiedErrorId : InvalidEndOfLine

PS G:\Desktop\MLOps> git add README.md
fatal: pathspec 'README.md' did not match any files
PS G:\Desktop\MLOps> ls


    Directory: G:\Desktop\MLOps


Mode                 LastWriteTime         Length Name
----                 -------------         ------ ----
-a----        09-02-2023  04:52 PM              0 READM.md.txt
-a----        09-02-2023  04:46 PM         451405 test.csv
-a----        09-02-2023  04:46 PM         460676 train.csv


PS G:\Desktop\MLOps> ls


    Directory: G:\Desktop\MLOps


Mode                 LastWriteTime         Length Name
----                 -------------         ------ ----
-a----        09-02-2023  05:02 PM              0 README.md
-a----        09-02-2023  04:46 PM         451405 test.csv
-a----        09-02-2023  04:46 PM         460676 train.csv


PS G:\Desktop\MLOps> git status
On branch main

No commits yet

Untracked files:
  (use "git add <file>..." to include in what will be committed)
        README.md
        test.csv
        train.csv

nothing added to commit but untracked files present (use "git add" to track)
PS G:\Desktop\MLOps> cat README.md
PS G:\Desktop\MLOps> cat README.md
Session 2

its test file
PS G:\Desktop\MLOps> git add .
warning: in the working copy of 'test.csv', LF will be replaced by CRLF the next time Git touches it
warning: in the working copy of 'train.csv', LF will be replaced by CRLF the next time Git touches it
PS G:\Desktop\MLOps> git status
On branch main

No commits yet

Changes to be committed:
  (use "git rm --cached <file>..." to unstage)
        new file:   README.md
        new file:   test.csv
        new file:   train.csv

PS G:\Desktop\MLOps> git commit -m "first commit test"
[main (root-commit) 13a5229] first commit test
 3 files changed, 2924 insertions(+)
 create mode 100644 README.md
 create mode 100644 test.csv
 create mode 100644 train.csv
PS G:\Desktop\MLOps> git remote add origin https://github.com/girishkhule/MLOps.git
PS G:\Desktop\MLOps> git push -u origin main
fatal: unable to access 'https://github.com/girishkhule/MLOps.git/': Failed to connect to github.com port 443 after 39 ms: Couldn't connect to server
PS G:\Desktop\MLOps> git remote -v
origin  https://github.com/girishkhule/MLOps.git (fetch)
origin  https://github.com/girishkhule/MLOps.git (push)
PS G:\Desktop\MLOps> git push -u origin main
Enumerating objects: 5, done.
Counting objects: 100% (5/5), done.
Delta compression using up to 16 threads
Compressing objects: 100% (4/4), done.
Writing objects: 100% (5/5), 185.46 KiB | 2.44 MiB/s, done.
Total 5 (delta 1), reused 0 (delta 0), pack-reused 0
remote: Resolving deltas: 100% (1/1), done.
To https://github.com/girishkhule/MLOps.git
 * [new branch]      main -> main
branch 'main' set up to track 'origin/main'.
PS G:\Desktop\MLOps>